
> shlok-portfolio@1.0.0 build
> next build

  Γû▓ Next.js 14.2.35

   Creating an optimized production build ...
node.exe : Failed to compile.
At line:1 char:1
+ & "C:\Program 
Files\nodejs/node.exe" "C:\Us
ers\shlok\AppData\Roaming\ 
...
+ ~~~~~~~~~~~~~~~~~~~~~~~~~~~
~~~~~~~~~~~~~~~~~~~~~~~~~~~~~
~~~~~~~~~~~~~
    + CategoryInfo           
   : NotSpecified: (Failed   
  to compile.:String) [],    
 RemoteException
    + FullyQualifiedErrorId  
   : NativeCommandError
 

app\layout.tsx
An error occurred in 
`next/font`.

Error: Cannot find module 
'autoprefixer'
Require stack:
- C:\Users\shlok\Desktop\port
folio\portfoliofiles-20260315
T011246Z-3-001\portfoliofiles
\node_modules\next\dist\build
\webpack\config\blocks\css\pl
ugins.js
- C:\Users\shlok\Desktop\port
folio\portfoliofiles-20260315
T011246Z-3-001\portfoliofiles
\node_modules\next\dist\build
\webpack\config\blocks\css\in
dex.js
- C:\Users\shlok\Desktop\port
folio\portfoliofiles-20260315
T011246Z-3-001\portfoliofiles
\node_modules\next\dist\build
\webpack\config\index.js
- C:\Users\shlok\Desktop\port
folio\portfoliofiles-20260315
T011246Z-3-001\portfoliofiles
\node_modules\next\dist\build
\webpack-config.js
- C:\Users\shlok\Desktop\port
folio\portfoliofiles-20260315
T011246Z-3-001\portfoliofiles
\node_modules\next\dist\build
\webpack-build\impl.js
- C:\Users\shlok\Desktop\port
folio\portfoliofiles-20260315
T011246Z-3-001\portfoliofiles
\node_modules\next\dist\compi
led\jest-worker\processChild.
js
    at Module.<anonymous> (no
de:internal/modules/cjs/loade
r:1369:15)
    at C:\Users\shlok\Desktop
\portfolio\portfoliofiles-202
60315T011246Z-3-001\portfolio
files\node_modules\next\dist\
server\require-hook.js:55:36
    at require.resolve (node:
internal/modules/helpers:145:
19)
    at loadPlugin (C:\Users\s
hlok\Desktop\portfolio\portfo
liofiles-20260315T011246Z-3-0
01\portfoliofiles\node_module
s\next\dist\build\webpack\con
fig\blocks\css\plugins.js:49:
32)
    at C:\Users\shlok\Desktop
\portfolio\portfoliofiles-202
60315T011246Z-3-001\portfolio
files\node_modules\next\dist\
build\webpack\config\blocks\c
ss\plugins.js:157:56
    at Array.map 
(<anonymous>)
    at getPostCssPlugins (C:\
Users\shlok\Desktop\portfolio
\portfoliofiles-20260315T0112
46Z-3-001\portfoliofiles\node
_modules\next\dist\build\webp
ack\config\blocks\css\plugins
.js:157:47)
    at async C:\Users\shlok\D
esktop\portfolio\portfoliofil
es-20260315T011246Z-3-001\por
tfoliofiles\node_modules\next
\dist\build\webpack\config\bl
ocks\css\index.js:124:36
    at async C:\Users\shlok\D
esktop\portfolio\portfoliofil
es-20260315T011246Z-3-001\por
tfoliofiles\node_modules\next
\dist\build\webpack\loaders\n
ext-font-loader\index.js:86:3
3
    at async 
Span.traceAsyncFn (C:\Users\s
hlok\Desktop\portfolio\portfo
liofiles-20260315T011246Z-3-0
01\portfoliofiles\node_module
s\next\dist\trace\trace.js:15
4:20)

app\layout.tsx
An error occurred in 
`next/font`.

Error: Cannot find module 
'autoprefixer'
Require stack:
- C:\Users\shlok\Desktop\port
folio\portfoliofiles-20260315
T011246Z-3-001\portfoliofiles
\node_modules\next\dist\build
\webpack\config\blocks\css\pl
ugins.js
- C:\Users\shlok\Desktop\port
folio\portfoliofiles-20260315
T011246Z-3-001\portfoliofiles
\node_modules\next\dist\build
\webpack\config\blocks\css\in
dex.js
- C:\Users\shlok\Desktop\port
folio\portfoliofiles-20260315
T011246Z-3-001\portfoliofiles
\node_modules\next\dist\build
\webpack\config\index.js
- C:\Users\shlok\Desktop\port
folio\portfoliofiles-20260315
T011246Z-3-001\portfoliofiles
\node_modules\next\dist\build
\webpack-config.js
- C:\Users\shlok\Desktop\port
folio\portfoliofiles-20260315
T011246Z-3-001\portfoliofiles
\node_modules\next\dist\build
\webpack-build\impl.js
- C:\Users\shlok\Desktop\port
folio\portfoliofiles-20260315
T011246Z-3-001\portfoliofiles
\node_modules\next\dist\compi
led\jest-worker\processChild.
js
    at Module.<anonymous> (no
de:internal/modules/cjs/loade
r:1369:15)
    at C:\Users\shlok\Desktop
\portfolio\portfoliofiles-202
60315T011246Z-3-001\portfolio
files\node_modules\next\dist\
server\require-hook.js:55:36
    at require.resolve (node:
internal/modules/helpers:145:
19)
    at loadPlugin (C:\Users\s
hlok\Desktop\portfolio\portfo
liofiles-20260315T011246Z-3-0
01\portfoliofiles\node_module
s\next\dist\build\webpack\con
fig\blocks\css\plugins.js:49:
32)
    at C:\Users\shlok\Desktop
\portfolio\portfoliofiles-202
60315T011246Z-3-001\portfolio
files\node_modules\next\dist\
build\webpack\config\blocks\c
ss\plugins.js:157:56
    at Array.map 
(<anonymous>)
    at getPostCssPlugins (C:\
Users\shlok\Desktop\portfolio
\portfoliofiles-20260315T0112
46Z-3-001\portfoliofiles\node
_modules\next\dist\build\webp
ack\config\blocks\css\plugins
.js:157:47)
    at async C:\Users\shlok\D
esktop\portfolio\portfoliofil
es-20260315T011246Z-3-001\por
tfoliofiles\node_modules\next
\dist\build\webpack\config\bl
ocks\css\index.js:124:36
    at async C:\Users\shlok\D
esktop\portfolio\portfoliofil
es-20260315T011246Z-3-001\por
tfoliofiles\node_modules\next
\dist\build\webpack\loaders\n
ext-font-loader\index.js:86:3
3
    at async 
Span.traceAsyncFn (C:\Users\s
hlok\Desktop\portfolio\portfo
liofiles-20260315T011246Z-3-0
01\portfoliofiles\node_module
s\next\dist\trace\trace.js:15
4:20)


> Build failed because of 
webpack errors
